[Maps]
list=Faenza,Oxygen

[Sizes]
small=16
big=48
HeaderBar=32
Menu=16

[Oxygen]
map.type="png"
map.path="/usr/share/icons/oxygen"
map.pattern="base/${SIZE}x${SIZE}/${TYPE}/${NAME}.${EXP}"

new=actions/document-new
open=actions/run-build-file
edit="actions/document-edit"
save=actions/document-save-as
directory=actions/document-open-folder
modules=actions/run-build-file
close=actions/gtk-close
run=actions/system-run
about=actions/help-about
help=actions/help-contents
buffer_clean=actions/remove
buffer_size=actions/zoom-select-y
properties=actions/settings-configure
settings=categories/preferences-system

view="actions/document-preview"

[Faenza]
map.type="png"
map.path="/usr/share/icons/Faenza"
map.pattern="${TYPE}/${SIZE}/${NAME}.${EXP}"

new=actions/document-new
open=actions/document-open
edit=actions/gtk-edit
save=actions/document-save-as
directory=actions/folder-new
modules=actions/document-properties
close=actions/exit
run=actions/system-run
about=actions/help-about
help=actions/help-contents
buffer_clean=actions/remove
buffer_size=actions/view-refresh
properties=actions/gtk-properties
settings=categories/preferences-system

view="actions/document-page-setup"

[Gnome]
map.type="png"
map.path="/usr/share/icons/gnome"
map.pattern="${SIZE}x${SIZE}/${TYPE}/${NAME}.${EXP}"

new=actions/document-new
open=mimetypes/exec
edit=apps/accessories-text-editor
save=actions/document-save-as
directory=places/folder
modules=actions/document-properties
close=actions/exit
run=actions/system-run
about=actions/help-about
help=actions/help-contents
buffer_clean=actions/remove
buffer_size=actions/view-refresh
properties=actions/gtk-properties
settings=categories/preferences-system

view="actions/document-page-setup"

[Adwaita]
map.type="png"
map.path="/usr/share/icons/Adwaita"
map.pattern="${SIZE}x${SIZE}/${TYPE}/${NAME}.${EXP}"

new=actions/document-new-symbolic.symbolic
open=actions/document-open-symbolic.symbolic
edit=actions/document-edit-symbolic.symbolic
save=actions/document-save-as-symbolic.symbolic
directory=places/folder-symbolic.symbolic
modules=actions/document-properties-symbolic.symbolic
close=ui/window-close-symbolic.symbolic
run=actions/system-run-symbolic.symbolic
about=actions/help-about
help=actions/help-contents
buffer_clean=actions/list-remove-symbolic.symbolic
buffer_size=status/content-loading-symbolic.symbolic
properties=categiries/prefereces-system-symbolic.symbolic
settings=categories/preferences-system

view="actions/document-page-setup"

[Tango2]
map.type="png"
map.path="/home/gabriel/.local/share/icons/d19953-Tango2-2017/Tango2"
map.pattern="${TYPE}/${SIZE}/${NAME}.${EXP}"

new=actions/document-new
open=actions/document-open
edit=apps/accessories-text-editor
save=actions/document-save-as
directory=places/folder
modules=actions/document-properties
close=actions/system-log-out
run=actions/media-playback-start
about=actions/help-about
help=actions/help-contents
buffer_clean=actions/remove
buffer_size=status/image-loading
properties=categiries/prefereces-system

view="actions/document-page-setup"


[Obsidian]
map.type="png"
map.path="/home/gabriel/.local/share/icons/B19953-obsidian-iconpack-3/Obsidian"
map.pattern="${TYPE}/${SIZE}/${NAME}.${EXP}"

new=actions/document-new
open=actions/document-open
edit=apps/accessories-text-editor
save=actions/document-save-as
directory=actions/folder-new
modules=mimetypes/extension
close=actions/system-log-out
run=actions/media-playback-start
about=actions/help-about
help=actions/help-contents
buffer_clean=actions/remove
buffer_size=status/image-loading
properties=categiries/prefereces-system

view="actions/document-page-setup"

[Ultimate Edition Dark Glass]
map.type="png"
map.path="/home/gabriel/.local/share/icons/Ultimate Edition Dark Glass"
map.pattern="${SIZE}x${SIZE}/${TYPE}/${NAME}.${EXP}"

new=actions/document-new
open=actions/document-open
edit=actions/gtk-edit
save=actions/document-save-as
directory=actions/folder-new
modules=mimetypes/application-x-object
close=actions/system-log-out
run=actions/media-playback-start
about=actions/help-about
help=actions/help-contents
buffer_clean=actions/remove
buffer_size=status/image-loading
properties=categiries/prefereces-system

view="actions/document-page-setup"

